---------------------
name: pcre++.h
date: 27.11.2004
time: 01:27
size: 3ÿ507
---------------------
name: pcre.h
date: 25.08.2003
time: 22:30
size: 6ÿ884
---------------------
name: pcre.lib
date: 27.11.2004
time: 01:24
size: 96ÿ364
---------------------
name: test.cpp
date: 27.11.2004
time: 01:24
size: 775
---------------------
name: test.exe
date: 27.11.2004
time: 01:27
size: 45ÿ056
---------------------
name: test.in
date: 27.11.2004
time: 01:28
size: 0
---------------------
name: test.obj
date: 27.11.2004
time: 01:27
size: 52ÿ231
